
> programa-act@3.0.8 build
> next build

