
> programa-act@0.1.0 electron:build
> npm run build && cross-env CSC_SKIP_SIGNING=true electron-builder


> programa-act@0.1.0 build
> next build

   Γû▓ Next.js 15.1.7
   - Environments: .env.local

   Creating an optimized production build ...
 Γ£ô Compiled successfully
   Linting and checking validity of types ...
   Collecting page data ...
   Generating static pages (0/8) ...
   Generating static pages (2/8) 
   Generating static pages (4/8) 
   Generating static pages (6/8) 
 Γ£ô Generating static pages (8/8)
   Finalizing page optimization ...
   Collecting build traces ...
   Exporting (0/3) ...
 Γ£ô Exporting (3/3)

Route (app)                              Size     First Load JS
Γöî Γùï /                                    3.42 kB         164 kB
Γö£ Γùï /_not-found                          979 B           106 kB
Γö£ Γùï /proyectos                           2.53 kB         163 kB
Γö£ Γùï /proyectos/detalle                   2.6 kB          299 kB
Γö£ Γùï /proyectos/nuevo                     1.1 kB          294 kB
Γöö Γùï /reportes                            183 kB          343 kB
+ First Load JS shared by all            105 kB
  Γö£ chunks/4bd1b696-23c3e423011adafa.js  52.9 kB
  Γö£ chunks/517-7e0aaad0fd319c2a.js       50.5 kB
  Γöö other shared chunks (total)          1.97 kB


Γùï  (Static)  prerendered as static content

  ΓÇó electron-builder  version=26.8.1 os=10.0.26200
  ΓÇó loaded configuration  file=package.json ("build" field)
  ΓÇó description is missed in the package.json  appPackageFile=C:\Users\Enrique Saavedra\Documents\Programa ACT\package.json
  ΓÇó author is missed in the package.json  appPackageFile=C:\Users\Enrique Saavedra\Documents\Programa ACT\package.json
  ΓÇó executing @electron/rebuild  electronVersion=40.6.1 arch=x64 buildFromSource=false workspaceRoot=C:\Users\Enrique Saavedra\Documents\Programa ACT projectDir=./ appDir=./
  ΓÇó installing native dependencies  arch=x64
  ΓÇó completed installing native dependencies
  ΓÇó packaging       platform=win32 arch=x64 electron=40.6.1 appOutDir=dist\win-unpacked
  ΓÇó searching for node modules  pm=npm searchDir=C:\Users\Enrique Saavedra\Documents\Programa ACT
node.exe : (node:3820) [DEP0190] DeprecationWarning: 
Passing args to a child process with shell option 
true can lead to security vulnerabilities, as the 
arguments are not escaped, only concatenated.
At line:1 char:1
+ & "C:\Program Files\nodejs/node.exe" "C:\Program 
Files\nodejs/node_mo ...
+ ~~~~~~~~~~~~~~~~~~~~~~~~~~~~~~~~~~~~~~~~~~~~~~~~~~~
~~~~~~~~~~~~~~~~~~
    + CategoryInfo          : NotSpecified: ((node:3 
   820) [DE...y concatenated.:String) [], RemoteExc  
  eption
    + FullyQualifiedErrorId : NativeCommandError
 
(Use `node --trace-deprecation ...` to show where 
the warning was created)
  ΓÇó duplicate dependency references  dependencies=["react-dom@19.2.4"]
  ΓÇó updating asar integrity executable resource  executablePath=dist\win-unpacked\Proyectos ACT.exe
  ΓÇó downloading     url=https://github.com/electron-userland/electron-builder-binaries/releases/download/winCodeSign-2.6.0/winCodeSign-2.6.0.7z size=5.6 MB parts=1
  ΓÇó downloaded      url=https://github.com/electron-userland/electron-builder-binaries/releases/download/winCodeSign-2.6.0/winCodeSign-2.6.0.7z duration=4.035s
  Γ¿» cannot execute  cause=exit status 2
                    out=
    7-Zip (a) 21.07 (x64) : Copyright (c) 1999-2021 Igor Pavlov : 2021-12-26
    
    Scanning the drive for archives:
    1 file, 5635384 bytes (5504 KiB)
    
    Extracting archive: C:\Users\Enrique Saavedra\AppData\Local\electron-builder\Cache\winCodeSign\125776763.7z
    --
    Path = C:\Users\Enrique Saavedra\AppData\Local\electron-builder\Cache\winCodeSign\125776763.7z
    Type = 7z
    Physical Size = 5635384
    Headers Size = 1492
    Method = LZMA2:24m LZMA:20 BCJ2
    Solid = +
    Blocks = 2
    
    
    Sub items Errors: 2
    
    Archives with Errors: 1
    
    Sub items Errors: 2
    
                    errorOut=ERROR: Cannot create symbolic link : A required privilege is not held by the client. : C:\Users\Enrique Saavedra\AppData\Local\electron-builder\Cache\winCodeSign\125776763\darwin\10.12\lib\libcrypto.dylib
    ERROR: Cannot create symbolic link : A required privilege is not held by the client. : C:\Users\Enrique Saavedra\AppData\Local\electron-builder\Cache\winCodeSign\125776763\darwin\10.12\lib\libssl.dylib
    
                    command='C:\Users\Enrique Saavedra\Documents\Programa ACT\node_modules\7zip-bin\win\x64\7za.exe' x -snld -bd 'C:\Users\Enrique Saavedra\AppData\Local\electron-builder\Cache\winCodeSign\125776763.7z' '-oC:\Users\Enrique Saavedra\AppData\Local\electron-builder\Cache\winCodeSign\125776763'
                    workingDir=C:\Users\Enrique Saavedra\AppData\Local\electron-builder\Cache\winCodeSign
  ΓÇó downloading     url=https://github.com/electron-userland/electron-builder-binaries/releases/download/winCodeSign-2.6.0/winCodeSign-2.6.0.7z size=5.6 MB parts=1
  ΓÇó downloaded      url=https://github.com/electron-userland/electron-builder-binaries/releases/download/winCodeSign-2.6.0/winCodeSign-2.6.0.7z duration=3.466s
  Γ¿» cannot execute  cause=exit status 2
                    out=
    7-Zip (a) 21.07 (x64) : Copyright (c) 1999-2021 Igor Pavlov : 2021-12-26
    
    Scanning the drive for archives:
    1 file, 5635384 bytes (5504 KiB)
    
    Extracting archive: C:\Users\Enrique Saavedra\AppData\Local\electron-builder\Cache\winCodeSign\015065987.7z
    --
    Path = C:\Users\Enrique Saavedra\AppData\Local\electron-builder\Cache\winCodeSign\015065987.7z
    Type = 7z
    Physical Size = 5635384
    Headers Size = 1492
    Method = LZMA2:24m LZMA:20 BCJ2
    Solid = +
    Blocks = 2
    
    
    Sub items Errors: 2
    
    Archives with Errors: 1
    
    Sub items Errors: 2
    
                    errorOut=ERROR: Cannot create symbolic link : A required privilege is not held by the client. : C:\Users\Enrique Saavedra\AppData\Local\electron-builder\Cache\winCodeSign\015065987\darwin\10.12\lib\libcrypto.dylib
    ERROR: Cannot create symbolic link : A required privilege is not held by the client. : C:\Users\Enrique Saavedra\AppData\Local\electron-builder\Cache\winCodeSign\015065987\darwin\10.12\lib\libssl.dylib
    
                    command='C:\Users\Enrique Saavedra\Documents\Programa ACT\node_modules\7zip-bin\win\x64\7za.exe' x -snld -bd 'C:\Users\Enrique Saavedra\AppData\Local\electron-builder\Cache\winCodeSign\015065987.7z' '-oC:\Users\Enrique Saavedra\AppData\Local\electron-builder\Cache\winCodeSign\015065987'
                    workingDir=C:\Users\Enrique Saavedra\AppData\Local\electron-builder\Cache\winCodeSign
  ΓÇó downloading     url=https://github.com/electron-userland/electron-builder-binaries/releases/download/winCodeSign-2.6.0/winCodeSign-2.6.0.7z size=5.6 MB parts=1
  ΓÇó downloaded      url=https://github.com/electron-userland/electron-builder-binaries/releases/download/winCodeSign-2.6.0/winCodeSign-2.6.0.7z duration=3.5s
  Γ¿» cannot execute  cause=exit status 2
                    out=
    7-Zip (a) 21.07 (x64) : Copyright (c) 1999-2021 Igor Pavlov : 2021-12-26
    
    Scanning the drive for archives:
    1 file, 5635384 bytes (5504 KiB)
    
    Extracting archive: C:\Users\Enrique Saavedra\AppData\Local\electron-builder\Cache\winCodeSign\645487367.7z
    --
    Path = C:\Users\Enrique Saavedra\AppData\Local\electron-builder\Cache\winCodeSign\645487367.7z
    Type = 7z
    Physical Size = 5635384
    Headers Size = 1492
    Method = LZMA2:24m LZMA:20 BCJ2
    Solid = +
    Blocks = 2
    
    
    Sub items Errors: 2
    
    Archives with Errors: 1
    
    Sub items Errors: 2
    
                    errorOut=ERROR: Cannot create symbolic link : A required privilege is not held by the client. : C:\Users\Enrique Saavedra\AppData\Local\electron-builder\Cache\winCodeSign\645487367\darwin\10.12\lib\libcrypto.dylib
    ERROR: Cannot create symbolic link : A required privilege is not held by the client. : C:\Users\Enrique Saavedra\AppData\Local\electron-builder\Cache\winCodeSign\645487367\darwin\10.12\lib\libssl.dylib
    
                    command='C:\Users\Enrique Saavedra\Documents\Programa ACT\node_modules\7zip-bin\win\x64\7za.exe' x -snld -bd 'C:\Users\Enrique Saavedra\AppData\Local\electron-builder\Cache\winCodeSign\645487367.7z' '-oC:\Users\Enrique Saavedra\AppData\Local\electron-builder\Cache\winCodeSign\645487367'
                    workingDir=C:\Users\Enrique Saavedra\AppData\Local\electron-builder\Cache\winCodeSign
  ΓÇó downloading     url=https://github.com/electron-userland/electron-builder-binaries/releases/download/winCodeSign-2.6.0/winCodeSign-2.6.0.7z size=5.6 MB parts=1
  ΓÇó downloaded      url=https://github.com/electron-userland/electron-builder-binaries/releases/download/winCodeSign-2.6.0/winCodeSign-2.6.0.7z duration=3.487s
  Γ¿» cannot execute  cause=exit status 2
                    out=
    7-Zip (a) 21.07 (x64) : Copyright (c) 1999-2021 Igor Pavlov : 2021-12-26
    
    Scanning the drive for archives:
    1 file, 5635384 bytes (5504 KiB)
    
    Extracting archive: C:\Users\Enrique Saavedra\AppData\Local\electron-builder\Cache\winCodeSign\754379635.7z
    --
    Path = C:\Users\Enrique Saavedra\AppData\Local\electron-builder\Cache\winCodeSign\754379635.7z
    Type = 7z
    Physical Size = 5635384
    Headers Size = 1492
    Method = LZMA2:24m LZMA:20 BCJ2
    Solid = +
    Blocks = 2
    
    
    Sub items Errors: 2
    
    Archives with Errors: 1
    
    Sub items Errors: 2
    
                    errorOut=ERROR: Cannot create symbolic link : A required privilege is not held by the client. : C:\Users\Enrique Saavedra\AppData\Local\electron-builder\Cache\winCodeSign\754379635\darwin\10.12\lib\libcrypto.dylib
    ERROR: Cannot create symbolic link : A required privilege is not held by the client. : C:\Users\Enrique Saavedra\AppData\Local\electron-builder\Cache\winCodeSign\754379635\darwin\10.12\lib\libssl.dylib
    
                    command='C:\Users\Enrique Saavedra\Documents\Programa ACT\node_modules\7zip-bin\win\x64\7za.exe' x -snld -bd 'C:\Users\Enrique Saavedra\AppData\Local\electron-builder\Cache\winCodeSign\754379635.7z' '-oC:\Users\Enrique Saavedra\AppData\Local\electron-builder\Cache\winCodeSign\754379635'
                    workingDir=C:\Users\Enrique Saavedra\AppData\Local\electron-builder\Cache\winCodeSign
